// Jest Snapshot v1, https://goo.gl/fbAQLP

exports[`NavBar component should render correctly 1`] = `
Object {
  "asFragment": [Function],
  "baseElement": <body>
    <div>
      <header
        class="nav-bar"
      >
        <nav
          class="navigation"
        >
          <a
            aria-current="page"
            class="active"
            href="/"
          >
            <img
              alt="back"
              class="icons"
              src="icon-left.png"
            />
          </a>
          <div
            class="right-icons"
          >
            <img
              alt="micro"
              class="icons"
              src="microphone.png"
            />
            <img
              alt="settings"
              class="icons"
              src="settings.png"
            />
          </div>
        </nav>
      </header>
    </div>
  </body>,
  "container": <div>
    <header
      class="nav-bar"
    >
      <nav
        class="navigation"
      >
        <a
          aria-current="page"
          class="active"
          href="/"
        >
          <img
            alt="back"
            class="icons"
            src="icon-left.png"
          />
        </a>
        <div
          class="right-icons"
        >
          <img
            alt="micro"
            class="icons"
            src="microphone.png"
          />
          <img
            alt="settings"
            class="icons"
            src="settings.png"
          />
        </div>
      </nav>
    </header>
  </div>,
  "debug": [Function],
  "findAllByAltText": [Function],
  "findAllByDisplayValue": [Function],
  "findAllByLabelText": [Function],
  "findAllByPlaceholderText": [Function],
  "findAllByRole": [Function],
  "findAllByTestId": [Function],
  "findAllByText": [Function],
  "findAllByTitle": [Function],
  "findByAltText": [Function],
  "findByDisplayValue": [Function],
  "findByLabelText": [Function],
  "findByPlaceholderText": [Function],
  "findByRole": [Function],
  "findByTestId": [Function],
  "findByText": [Function],
  "findByTitle": [Function],
  "getAllByAltText": [Function],
  "getAllByDisplayValue": [Function],
  "getAllByLabelText": [Function],
  "getAllByPlaceholderText": [Function],
  "getAllByRole": [Function],
  "getAllByTestId": [Function],
  "getAllByText": [Function],
  "getAllByTitle": [Function],
  "getByAltText": [Function],
  "getByDisplayValue": [Function],
  "getByLabelText": [Function],
  "getByPlaceholderText": [Function],
  "getByRole": [Function],
  "getByTestId": [Function],
  "getByText": [Function],
  "getByTitle": [Function],
  "queryAllByAltText": [Function],
  "queryAllByDisplayValue": [Function],
  "queryAllByLabelText": [Function],
  "queryAllByPlaceholderText": [Function],
  "queryAllByRole": [Function],
  "queryAllByTestId": [Function],
  "queryAllByText": [Function],
  "queryAllByTitle": [Function],
  "queryByAltText": [Function],
  "queryByDisplayValue": [Function],
  "queryByLabelText": [Function],
  "queryByPlaceholderText": [Function],
  "queryByRole": [Function],
  "queryByTestId": [Function],
  "queryByText": [Function],
  "queryByTitle": [Function],
  "rerender": [Function],
  "unmount": [Function],
}
`;
